	Command being timed: "/home/featurize/work/ASC_Final_Selection/envs/qibotn/bin/python /home/featurize/work/ASC_Final_Selection/scripts/qibotn/qibotn_benchmark_v2.py --output /home/featurize/work/ASC_Final_Selection/results/qibotn/large --qubits 16 18 20 --repeats 4 --threads 1 --workload qaoa --layers 6"
	User time (seconds): 351.94
	System time (seconds): 1.98
	Percent of CPU this job got: 101%
	Elapsed (wall clock) time (h:mm:ss or m:ss): 5:49.15
	Average shared text size (kbytes): 0
	Average unshared data size (kbytes): 0
	Average stack size (kbytes): 0
	Average total size (kbytes): 0
	Maximum resident set size (kbytes): 949980
	Average resident set size (kbytes): 0
	Major (requiring I/O) page faults: 6
	Minor (reclaiming a frame) page faults: 1339771
	Voluntary context switches: 5927
	Involuntary context switches: 1286
	Swaps: 0
	File system inputs: 3720
	File system outputs: 48
	Socket messages sent: 0
	Socket messages received: 0
	Signals delivered: 0
	Page size (bytes): 4096
	Exit status: 0
