	Command being timed: "/home/featurize/work/ASC_Final_Selection/envs/qibotn/bin/python /home/featurize/work/ASC_Final_Selection/scripts/qibotn/qibotn_benchmark_v2.py --output /home/featurize/work/ASC_Final_Selection/results/qibotn/small --qubits 8 10 12 14 --repeats 4 --threads 1 --workload qaoa --layers 6"
	User time (seconds): 34.13
	System time (seconds): 0.98
	Percent of CPU this job got: 110%
	Elapsed (wall clock) time (h:mm:ss or m:ss): 0:31.90
	Average shared text size (kbytes): 0
	Average unshared data size (kbytes): 0
	Average stack size (kbytes): 0
	Average total size (kbytes): 0
	Maximum resident set size (kbytes): 454052
	Average resident set size (kbytes): 0
	Major (requiring I/O) page faults: 416
	Minor (reclaiming a frame) page faults: 270769
	Voluntary context switches: 6630
	Involuntary context switches: 671
	Swaps: 0
	File system inputs: 58824
	File system outputs: 7888
	Socket messages sent: 0
	Socket messages received: 0
	Signals delivered: 0
	Page size (bytes): 4096
	Exit status: 0
